[validacion.ministeriodeeducacion.gob.do/index124d.html]
[backblue.gif]
[fade.gif]
[index.html]
[validacion.ministeriodeeducacion.gob.do/Content/loading.css]
[validacion.ministeriodeeducacion.gob.do/Content/primaryNav.css]
[validacion.ministeriodeeducacion.gob.do/Content/style.css]
[validacion.ministeriodeeducacion.gob.do/img/favicon/favicon.ico]
[validacion.ministeriodeeducacion.gob.do/Bootstrap/css/bootstrap.min.css]
[validacion.ministeriodeeducacion.gob.do/Bootstrap/css/bootstrap-theme.min.css]
[validacion.ministeriodeeducacion.gob.do/Content/certificado.css]
[validacion.ministeriodeeducacion.gob.do/WebResourcea329.js]
[validacion.ministeriodeeducacion.gob.do/WebResourcee2e9.js]
[validacion.ministeriodeeducacion.gob.do/Scripts/jquery-3.1.1.js]
[validacion.ministeriodeeducacion.gob.do/Bootstrap/js/bootstrap.min.js]
[validacion.ministeriodeeducacion.gob.do/Scripts/jquery-barcode.js]
[validacion.ministeriodeeducacion.gob.do/Scripts/root.js]
[validacion.ministeriodeeducacion.gob.do/cdn-cgi/challenge-platform/scripts/jsd/main.js]
[validacion.ministeriodeeducacion.gob.do/index124d.html]
[validacion.ministeriodeeducacion.gob.do/cdn-cgi/challenge-platform/h/b/scripts/jsd/aeb70db32f0f/main.js]
[validacion.ministeriodeeducacion.gob.do/img/loadingGif.gif]
[validacion.ministeriodeeducacion.gob.do/Content/loading.css]
[validacion.ministeriodeeducacion.gob.do/img/edificio-educacion.jpg]
[validacion.ministeriodeeducacion.gob.do/img/ministro.jpeg]
[validacion.ministeriodeeducacion.gob.do/img/servicios.jpg]
[validacion.ministeriodeeducacion.gob.do/Content/primaryNav.css]
[validacion.ministeriodeeducacion.gob.do/Content/grid.css]
[validacion.ministeriodeeducacion.gob.do/Content/base.css]
[validacion.ministeriodeeducacion.gob.do/Content/normalize.css]
[validacion.ministeriodeeducacion.gob.do/Content/fonts.css]
[validacion.ministeriodeeducacion.gob.do/Content/root.min.css]
[validacion.ministeriodeeducacion.gob.do/Content/style.css]
[validacion.ministeriodeeducacion.gob.do/Content/media.css]
[validacion.ministeriodeeducacion.gob.do/Bootstrap/fonts/glyphicons-halflings-regular.eot]
[validacion.ministeriodeeducacion.gob.do/Bootstrap/fonts/glyphicons-halflings-regulard41d.eot]
[validacion.ministeriodeeducacion.gob.do/Bootstrap/fonts/glyphicons-halflings-regular.woff2]
[validacion.ministeriodeeducacion.gob.do/Bootstrap/fonts/glyphicons-halflings-regular.woff]
[validacion.ministeriodeeducacion.gob.do/Bootstrap/fonts/glyphicons-halflings-regular.ttf]
[validacion.ministeriodeeducacion.gob.do/Bootstrap/css/bootstrap.min.css]
[validacion.ministeriodeeducacion.gob.do/Bootstrap/css/bootstrap-theme.min.css]
[validacion.ministeriodeeducacion.gob.do/Content/certificado.css]
[validacion.ministeriodeeducacion.gob.do/Bootstrap/fonts/glyphicons-halflings-regular.svg]
[validacion.ministeriodeeducacion.gob.do/POST]
[validacion.ministeriodeeducacion.gob.do/WebResourcea329.js]
[validacion.ministeriodeeducacion.gob.do/WebResourcee2e9.js]
[validacion.ministeriodeeducacion.gob.do/Scripts/jquery-3.1.1.js]
[validacion.ministeriodeeducacion.gob.do/index.html]
[validacion.ministeriodeeducacion.gob.do/Popover requires tooltip.js]
[validacion.ministeriodeeducacion.gob.do/Bootstrap/js/bootstrap.min.js]
[validacion.ministeriodeeducacion.gob.do/Scripts/jquery-barcode.js]
[validacion.ministeriodeeducacion.gob.do/Scripts/root.js]
[validacion.ministeriodeeducacion.gob.do/img/loadingGif.html]
[validacion.ministeriodeeducacion.gob.do/img/edificio-educacion.html]
[validacion.ministeriodeeducacion.gob.do/img/ministro.html]
[validacion.ministeriodeeducacion.gob.do/img/servicios.html]
[validacion.ministeriodeeducacion.gob.do/Content/grid.css]
[validacion.ministeriodeeducacion.gob.do/Content/base.css]
[validacion.ministeriodeeducacion.gob.do/Content/normalize.css]
[validacion.ministeriodeeducacion.gob.do/fonts/gpwebf495.eot]
[validacion.ministeriodeeducacion.gob.do/fonts/gpwebf495.ttf]
[validacion.ministeriodeeducacion.gob.do/fonts/gpwebf495.woff]
[validacion.ministeriodeeducacion.gob.do/Content/fonts.css]
[validacion.ministeriodeeducacion.gob.do/fonts/gpwebf495.svg]
[validacion.ministeriodeeducacion.gob.do/img/ecailles.png]
[validacion.ministeriodeeducacion.gob.do/img/escudo_republica_dominicana.png]
[validacion.ministeriodeeducacion.gob.do/img/serv_alumnos.jpg]
[validacion.ministeriodeeducacion.gob.do/img/serv_docentes.jpg]
[validacion.ministeriodeeducacion.gob.do/img/serv_otros.jpg]
[validacion.ministeriodeeducacion.gob.do/img/pagesheaderbg.jpg]
[validacion.ministeriodeeducacion.gob.do/img/contactcenterbg.png]
[validacion.ministeriodeeducacion.gob.do/img/socialbg.jpg]
[validacion.ministeriodeeducacion.gob.do/img/404cartoons.png]
[validacion.ministeriodeeducacion.gob.do/img/400cartoons.png]
[validacion.ministeriodeeducacion.gob.do/img/403cartoons.png]
[validacion.ministeriodeeducacion.gob.do/img/500cartoons.png]
[validacion.ministeriodeeducacion.gob.do/img/503cartoons.png]
[validacion.ministeriodeeducacion.gob.do/img/504cartoons.png]
[validacion.ministeriodeeducacion.gob.do/img/509cartoons.png]
[validacion.ministeriodeeducacion.gob.do/Content/root.min.css]
[validacion.ministeriodeeducacion.gob.do/Content/media.css]
[validacion.ministeriodeeducacion.gob.do/Bootstrap/fonts/glyphicons-halflings-regular.html]
[validacion.ministeriodeeducacion.gob.do/Bootstrap/fonts/glyphicons-halflings-regular-2.html]
[validacion.ministeriodeeducacion.gob.do/Bootstrap/fonts/glyphicons-halflings-regular.svg]
[validacion.ministeriodeeducacion.gob.do/index.html]
[validacion.ministeriodeeducacion.gob.do/POST.html]
[validacion.ministeriodeeducacion.gob.do/Popover requires tooltip.html]
[validacion.ministeriodeeducacion.gob.do/fonts/gpwebf495.html]
[validacion.ministeriodeeducacion.gob.do/fonts/gpwebf495.svg]
[validacion.ministeriodeeducacion.gob.do/img/ecailles.html]
[validacion.ministeriodeeducacion.gob.do/img/serv_alumnos.html]
[validacion.ministeriodeeducacion.gob.do/img/serv_docentes.html]
[validacion.ministeriodeeducacion.gob.do/img/serv_otros.html]
[validacion.ministeriodeeducacion.gob.do/img/pagesheaderbg.html]
[validacion.ministeriodeeducacion.gob.do/img/contactcenterbg.html]
[validacion.ministeriodeeducacion.gob.do/img/socialbg.html]
[validacion.ministeriodeeducacion.gob.do/img/404cartoons.html]
[validacion.ministeriodeeducacion.gob.do/img/400cartoons.html]
[validacion.ministeriodeeducacion.gob.do/img/403cartoons.html]
[validacion.ministeriodeeducacion.gob.do/img/500cartoons.html]
[validacion.ministeriodeeducacion.gob.do/img/503cartoons.html]
[validacion.ministeriodeeducacion.gob.do/img/504cartoons.html]
[validacion.ministeriodeeducacion.gob.do/img/509cartoons.html]
